// Jest Snapshot v1, https://goo.gl/fbAQLP

exports[`renders a container with injected store 1`] = `<Connect(Contributors) />`;
