// Jest Snapshot v1, https://goo.gl/fbAQLP

exports[`renders a component 1`] = `
<div>
  <h2>
    Welcome to Code Discovery!
  </h2>
  <p>
    Use the search input above and discover GitHub repositories
  </p>
</div>
`;
